[04:59:59] server ready
[05:00:05] 开局确认，等待真实模型开场白…
[05:01:01] screenshot: 01_opening_legacy
[05:01:01] world: local-猩红文档-20260916-050005-1fa5
[05:01:02] flip+seed: flipped+seeded
[05:01:03] screenshot: 02_structured_ready
[05:01:03] 结构化 UI 就绪
[05:01:04] screenshot: 03_present_dialog
[05:01:04] 出示已提交，等待 Agent 回应…
[05:01:06] screenshot: 04_present_answered
[05:01:06] 出示流程完成
[05:01:06] chat dump after_present: 51 chars
[05:01:21] 使用按钮常规点击被行动性检查卡住，退回 evaluate 点击
[05:01:22] screenshot: 05_use_dialog
[05:01:22] 使用已提交，等待 Agent 回应…
[05:01:22] screenshot: 06_use_answered
[05:01:22] chat dump after_use: 817 chars
[05:01:22] 使用流程完成
[05:01:22] 搜查请求已提交，等待检定卡或叙事…
[05:01:26] screenshot: 07_check_waiting
[05:01:26] 检定卡已出现，点击掷骰，等待结算…
[05:01:30] screenshot: 08_check_resolved
[05:01:30] 检定流程完成
[05:01:30] 发出的 action_request action: [
 {
  "kind": "present_clue",
  "clue_id": "clue_001",
  "presentation": "describe",
  "physical_item_id": null,
  "target": {
   "kind": "npc",
   "id": "bryce_fallon"
  }
 },
 {
  "kind": "use_item",
  "item_id": "item_e244d459b938",
  "quantity": 1,
  "operation": "custom",
  "approach": "把黄铜钥匙出示给法伦看，确认它能开莱特办公室的门"
 },
 {
  "kind": "freeform",
  "text": "我仔细检查法伦的办公桌，找找抽屉里有没有藏起来的东西"
 }
]
[05:01:30] DONE
